// Jest Snapshot v1, https://goo.gl/fbAQLP

exports[`renders correctly 1`] = `
<div>
  <div
    class="css-1o6enff"
  >
    <div
      class="chakra-stack css-37v17e"
    >
      <div
        class="css-1rr4qq7"
      >
        <span
          class="chakra-text css-5mpue"
        >
          50
        </span>
        <span
          class="chakra-text css-0"
        >
          %
        </span>
      </div>
      <p
        class="chakra-text css-13pzcpe"
      >
        VCS
      </p>
    </div>
    <div
      class="chakra-stack css-37v17e"
    >
      <div
        class="css-1rr4qq7"
      >
        <span
          class="chakra-text css-166phh0"
        >
          50
        </span>
        <span
          class="chakra-text css-0"
        >
          %
        </span>
      </div>
      <p
        class="chakra-text css-13pzcpe"
      >
        GCC
      </p>
    </div>
  </div>
</div>
`;
