// Jest Snapshot v1, https://goo.gl/fbAQLP

exports[`renders correctly 1`] = `
<div>
  <div
    class="css-hwbdeb"
  >
    <div
      class="css-whmkqt"
    >
      <span
        class="chakra-text css-1tzjjc2"
      >
        50
        %
      </span>
      <p
        class="chakra-text css-0"
      >
        test
      </p>
    </div>
    <div
      class="css-whmkqt"
    >
      <span
        class="chakra-text css-1tv1yfd"
      >
        50
        %
      </span>
      <p
        class="chakra-text css-0"
      >
        plop
      </p>
    </div>
  </div>
</div>
`;
