// Jest Snapshot v1, https://goo.gl/fbAQLP

exports[`CarbonReductionWidget renders loading state when carbonMapData is undefined 1`] = `
<div>
  <div
    class="css-1rr4qq7"
    data-testid="loading-indicator"
  >
    <div
      class="chakra-stack css-8g8ihq"
    >
      <div
        class="css-gmuwbf"
      >
        <div
          class="css-11ze7cv"
        >
          <div
            class="chakra-skeleton css-mzwdzj"
          />
          <div
            class="chakra-skeleton css-1tjwkx3"
          />
        </div>
      </div>
      <hr
        aria-orientation="horizontal"
        class="chakra-divider css-1y9z5uc"
      />
      <div
        class="css-k008qs"
      >
        <div
          class="css-1m1m74v"
        >
          <div
            class="chakra-skeleton css-mzwdzj"
          />
          <div
            class="chakra-skeleton css-1tjwkx3"
          />
        </div>
        <div
          class="css-1mzk35w"
        >
          <div
            class="chakra-skeleton css-mzwdzj"
          />
          <div
            class="chakra-skeleton css-1tjwkx3"
          />
        </div>
      </div>
      <hr
        aria-orientation="horizontal"
        class="chakra-divider css-1y9z5uc"
      />
      <div
        class="chakra-skeleton css-1tjwkx3"
      />
      <div
        class="css-k008qs"
      >
        <div
          class="chakra-skeleton css-1pq7gqe"
        />
        <div
          class="css-51blsq"
        >
          <div
            class="chakra-skeleton css-1tjwkx3"
          />
          <div
            class="chakra-skeleton css-1tjwkx3"
          />
          <div
            class="chakra-skeleton css-1tjwkx3"
          />
          <div
            class="chakra-skeleton css-1tjwkx3"
          />
        </div>
      </div>
      <hr
        aria-orientation="horizontal"
        class="chakra-divider css-1y9z5uc"
      />
      <div
        class="css-k008qs"
      >
        <div
          class="css-1m1m74v"
        >
          <div
            class="chakra-skeleton css-mzwdzj"
          />
          <div
            class="chakra-skeleton css-1tjwkx3"
          />
        </div>
        <div
          class="css-1mzk35w"
        >
          <div
            class="chakra-skeleton css-mzwdzj"
          />
          <div
            class="chakra-skeleton css-1tjwkx3"
          />
        </div>
        <div
          class="css-1mzk35w"
        >
          <div
            class="chakra-skeleton css-mzwdzj"
          />
          <div
            class="chakra-skeleton css-1tjwkx3"
          />
        </div>
      </div>
    </div>
  </div>
</div>
`;

exports[`CarbonReductionWidget renders the widget when carbonMapData and carbonMapDataFiltered are defined 1`] = `
<div>
  <div
    class="css-1rr4qq7"
    data-testid="loading-indicator"
  >
    <div
      class="chakra-stack css-8g8ihq"
    >
      <div
        class="css-gmuwbf"
      >
        <div
          class="css-11ze7cv"
        >
          <div
            class="chakra-skeleton css-mzwdzj"
          />
          <div
            class="chakra-skeleton css-1tjwkx3"
          />
        </div>
      </div>
      <hr
        aria-orientation="horizontal"
        class="chakra-divider css-1y9z5uc"
      />
      <div
        class="css-k008qs"
      >
        <div
          class="css-1m1m74v"
        >
          <div
            class="chakra-skeleton css-mzwdzj"
          />
          <div
            class="chakra-skeleton css-1tjwkx3"
          />
        </div>
        <div
          class="css-1mzk35w"
        >
          <div
            class="chakra-skeleton css-mzwdzj"
          />
          <div
            class="chakra-skeleton css-1tjwkx3"
          />
        </div>
      </div>
      <hr
        aria-orientation="horizontal"
        class="chakra-divider css-1y9z5uc"
      />
      <div
        class="chakra-skeleton css-1tjwkx3"
      />
      <div
        class="css-k008qs"
      >
        <div
          class="chakra-skeleton css-1pq7gqe"
        />
        <div
          class="css-51blsq"
        >
          <div
            class="chakra-skeleton css-1tjwkx3"
          />
          <div
            class="chakra-skeleton css-1tjwkx3"
          />
          <div
            class="chakra-skeleton css-1tjwkx3"
          />
          <div
            class="chakra-skeleton css-1tjwkx3"
          />
        </div>
      </div>
      <hr
        aria-orientation="horizontal"
        class="chakra-divider css-1y9z5uc"
      />
      <div
        class="css-k008qs"
      >
        <div
          class="css-1m1m74v"
        >
          <div
            class="chakra-skeleton css-mzwdzj"
          />
          <div
            class="chakra-skeleton css-1tjwkx3"
          />
        </div>
        <div
          class="css-1mzk35w"
        >
          <div
            class="chakra-skeleton css-mzwdzj"
          />
          <div
            class="chakra-skeleton css-1tjwkx3"
          />
        </div>
        <div
          class="css-1mzk35w"
        >
          <div
            class="chakra-skeleton css-mzwdzj"
          />
          <div
            class="chakra-skeleton css-1tjwkx3"
          />
        </div>
      </div>
    </div>
  </div>
</div>
`;
