// Jest Snapshot v1, https://goo.gl/fbAQLP

exports[`renders correctly 1`] = `
<div>
  <div
    class="css-1w96tn4"
  >
    <div
      class="css-0"
    >
      <p
        class="chakra-text css-in3yi3"
      >
        Region
      </p>
    </div>
    <hr
      aria-orientation="vertical"
      class="chakra-divider css-g2zlzj"
    />
    <div
      class="chakra-stack css-8g8ihq"
    >
      <div
        aria-controls="popover-content-:r1:"
        aria-expanded="false"
        aria-haspopup="dialog"
        class="chakra-stack css-8g8ihq"
        id="popover-trigger-:r1:"
      >
        <div
          class="chakra-input__group css-bx0blc"
          data-group="true"
        >
          <input
            class="chakra-input css-1luyivc"
            placeholder="Choose a region"
          />
          <div
            class="chakra-input__right-element css-2cnd2z"
          >
            <button
              aria-label="toggle menu"
              class="chakra-button css-xsdlqf"
              type="button"
            >
              <svg
                class="chakra-icon css-c0air1"
                focusable="false"
                viewBox="0 0 8 4"
              >
                <path
                  d="M3.99911 3.9034L0.191406 0.0957031H7.80681L3.99911 3.9034Z"
                  fill="currentColor"
                />
              </svg>
            </button>
          </div>
        </div>
      </div>
      <div
        class="chakra-popover__popper css-0"
        style="visibility: hidden; position: absolute; inset: 0 auto auto 0;"
      >
        <section
          aria-describedby="popover-body-:r1:"
          class="chakra-popover__content css-18u085x"
          id="popover-content-:r1:"
          role="dialog"
          style="transform-origin: var(--popper-transform-origin); opacity: 0; visibility: hidden; transform: scale(0.95) translateZ(0);"
          tabindex="-1"
        >
          <div
            class="chakra-popover__body css-0"
            id="popover-body-:r1:"
          >
            <ul
              class="css-155za0w"
              role="list"
            >
              <li
                class="css-1lkne8t"
              >
                <div
                  class="css-18biwo"
                >
                  Southern Asia
                </div>
              </li>
              <li
                class="css-1lkne8t"
              >
                <div
                  class="css-18biwo"
                >
                  Northern Europe
                </div>
              </li>
              <li
                class="css-1lkne8t"
              >
                <div
                  class="css-18biwo"
                >
                  Southern Europe
                </div>
              </li>
              <li
                class="css-1lkne8t"
              >
                <div
                  class="css-18biwo"
                >
                  Northern Africa
                </div>
              </li>
              <li
                class="css-1lkne8t"
              >
                <div
                  class="css-18biwo"
                >
                  Polynesia
                </div>
              </li>
              <li
                class="css-1lkne8t"
              >
                <div
                  class="css-18biwo"
                >
                  Sub Saharan Africa
                </div>
              </li>
              <li
                class="css-1lkne8t"
              >
                <div
                  class="css-18biwo"
                >
                  Latin America and the Caribbean
                </div>
              </li>
              <li
                class="css-1lkne8t"
              >
                <div
                  class="css-18biwo"
                >
                  Western Asia
                </div>
              </li>
              <li
                class="css-1lkne8t"
              >
                <div
                  class="css-18biwo"
                >
                  Australia and New Zealand
                </div>
              </li>
              <li
                class="css-1lkne8t"
              >
                <div
                  class="css-18biwo"
                >
                  Western Europe
                </div>
              </li>
              <li
                class="css-1lkne8t"
              >
                <div
                  class="css-18biwo"
                >
                  Eastern Europe
                </div>
              </li>
              <li
                class="css-1lkne8t"
              >
                <div
                  class="css-18biwo"
                >
                  Northern America
                </div>
              </li>
              <li
                class="css-1lkne8t"
              >
                <div
                  class="css-18biwo"
                >
                  South Eastern Asia
                </div>
              </li>
              <li
                class="css-1lkne8t"
              >
                <div
                  class="css-18biwo"
                >
                  Eastern Asia
                </div>
              </li>
              <li
                class="css-1lkne8t"
              >
                <div
                  class="css-18biwo"
                >
                  Melanesia
                </div>
              </li>
              <li
                class="css-1lkne8t"
              >
                <div
                  class="css-18biwo"
                >
                  Micronesia
                </div>
              </li>
              <li
                class="css-1lkne8t"
              >
                <div
                  class="css-18biwo"
                >
                  Central Asia
                </div>
              </li>
              <li
                class="css-1lkne8t"
              >
                <div
                  class="css-18biwo"
                >
                  World
                </div>
              </li>
            </ul>
          </div>
        </section>
      </div>
    </div>
  </div>
</div>
`;
