// Jest Snapshot v1, https://goo.gl/fbAQLP

exports[`renders correctly 1`] = `
<div>
  <div
    class="css-ss1ytk"
  >
    <div
      class="css-13cl24c"
    >
      <div
        class="chakra-table__container css-1bi7isa"
        id="projectTableReference"
      >
        <table
          class="chakra-table searchTable css-0"
        >
          <thead
            class="css-13o9whf"
            id="projectTable"
          >
            <tr
              class="css-0"
            >
              <th
                class="css-0"
              >
                <div
                  class="css-0"
                >
                  Project Details
                  <div
                    class="chakra-stack css-1yu3riu"
                  >
                    <svg
                      class="chakra-icon css-18u6eve"
                      data-testid="sortAsc"
                      focusable="false"
                      viewBox="0 0 8 4"
                    >
                      <path
                        d="M3.99911 0.1923L0.191406 4H7.80681L3.99911 0.1923Z"
                        fill="currentColor"
                      />
                    </svg>
                    <svg
                      class="chakra-icon css-18u6eve"
                      data-testid="sortDesc"
                      focusable="false"
                      viewBox="0 0 8 4"
                    >
                      <path
                        d="M3.99911 3.8077L0.191406 0H7.80681L3.99911 3.8077Z"
                        fill="currentColor"
                      />
                    </svg>
                  </div>
                </div>
              </th>
            </tr>
          </thead>
        </table>
      </div>
      <table
        class="chakra-table searchTable css-0"
      >
        <tbody
          class="css-1kfska2"
        >
          <tr
            class="css-mii0oe"
          >
            <td
              class="css-0"
            >
              <div
                class="css-70qvj9"
              >
                <div
                  class="css-1rr4qq7"
                >
                  <div
                    class="chakra-stack css-8g8ihq"
                  >
                    <div
                      class="chakra-skeleton css-1tjwkx3"
                    />
                    <div
                      class="chakra-skeleton css-1d14lpv"
                    />
                    <div
                      class="chakra-skeleton css-1d14lpv"
                    />
                  </div>
                </div>
              </div>
            </td>
          </tr>
        </tbody>
      </table>
    </div>
    <div
      class="css-1n1ctis"
    >
      <div
        class="chakra-table__container hide-scrollbar css-1bi7isa"
        id="tableReference"
      >
        <table
          class="chakra-table searchTable css-0"
        >
          <thead
            class=" css-hacnqc"
            id="table"
          >
            <tr
              class="css-0"
              id="scrollableHeader"
            >
              <th
                class="css-0"
              >
                <div
                  class="css-0"
                >
                  Registry
                  <div
                    class="chakra-stack css-1yu3riu"
                  >
                    <svg
                      class="chakra-icon css-18u6eve"
                      data-testid="sortAsc"
                      focusable="false"
                      viewBox="0 0 8 4"
                    >
                      <path
                        d="M3.99911 0.1923L0.191406 4H7.80681L3.99911 0.1923Z"
                        fill="currentColor"
                      />
                    </svg>
                    <svg
                      class="chakra-icon css-18u6eve"
                      data-testid="sortDesc"
                      focusable="false"
                      viewBox="0 0 8 4"
                    >
                      <path
                        d="M3.99911 3.8077L0.191406 0H7.80681L3.99911 3.8077Z"
                        fill="currentColor"
                      />
                    </svg>
                  </div>
                </div>
              </th>
              <th
                class="css-0"
              >
                <div
                  class="css-0"
                >
                  Methodology
                  <div
                    class="chakra-stack css-1yu3riu"
                  >
                    <svg
                      class="chakra-icon css-18u6eve"
                      data-testid="sortAsc"
                      focusable="false"
                      viewBox="0 0 8 4"
                    >
                      <path
                        d="M3.99911 0.1923L0.191406 4H7.80681L3.99911 0.1923Z"
                        fill="currentColor"
                      />
                    </svg>
                    <svg
                      class="chakra-icon css-18u6eve"
                      data-testid="sortDesc"
                      focusable="false"
                      viewBox="0 0 8 4"
                    >
                      <path
                        d="M3.99911 3.8077L0.191406 0H7.80681L3.99911 3.8077Z"
                        fill="currentColor"
                      />
                    </svg>
                  </div>
                </div>
              </th>
              <th
                class="css-0"
              >
                <div
                  class="css-0"
                >
                  Sector
                  <div
                    class="chakra-stack css-1yu3riu"
                  >
                    <svg
                      class="chakra-icon css-18u6eve"
                      data-testid="sortAsc"
                      focusable="false"
                      viewBox="0 0 8 4"
                    >
                      <path
                        d="M3.99911 0.1923L0.191406 4H7.80681L3.99911 0.1923Z"
                        fill="currentColor"
                      />
                    </svg>
                    <svg
                      class="chakra-icon css-18u6eve"
                      data-testid="sortDesc"
                      focusable="false"
                      viewBox="0 0 8 4"
                    >
                      <path
                        d="M3.99911 3.8077L0.191406 0H7.80681L3.99911 3.8077Z"
                        fill="currentColor"
                      />
                    </svg>
                  </div>
                </div>
              </th>
              <th
                class="css-0"
              >
                <div
                  class="css-0"
                >
                  Country
                  <div
                    class="chakra-stack css-1yu3riu"
                  >
                    <svg
                      class="chakra-icon css-18u6eve"
                      data-testid="sortAsc"
                      focusable="false"
                      viewBox="0 0 8 4"
                    >
                      <path
                        d="M3.99911 0.1923L0.191406 4H7.80681L3.99911 0.1923Z"
                        fill="currentColor"
                      />
                    </svg>
                    <svg
                      class="chakra-icon css-18u6eve"
                      data-testid="sortDesc"
                      focusable="false"
                      viewBox="0 0 8 4"
                    >
                      <path
                        d="M3.99911 3.8077L0.191406 0H7.80681L3.99911 3.8077Z"
                        fill="currentColor"
                      />
                    </svg>
                  </div>
                </div>
              </th>
              <th
                class="css-0"
              >
                <div
                  class="css-0"
                >
                  Project Status
                  <div
                    class="chakra-stack css-1yu3riu"
                  >
                    <svg
                      class="chakra-icon css-18u6eve"
                      data-testid="sortAsc"
                      focusable="false"
                      viewBox="0 0 8 4"
                    >
                      <path
                        d="M3.99911 0.1923L0.191406 4H7.80681L3.99911 0.1923Z"
                        fill="currentColor"
                      />
                    </svg>
                    <svg
                      class="chakra-icon css-18u6eve"
                      data-testid="sortDesc"
                      focusable="false"
                      viewBox="0 0 8 4"
                    >
                      <path
                        d="M3.99911 3.8077L0.191406 0H7.80681L3.99911 3.8077Z"
                        fill="currentColor"
                      />
                    </svg>
                  </div>
                </div>
              </th>
              <th
                class="css-rl3ocm"
              >
                <div
                  class="css-0"
                >
                  Crediting Period
                  <div
                    class="chakra-stack css-1yu3riu"
                  >
                    <svg
                      class="chakra-icon css-18u6eve"
                      data-testid="sortAsc"
                      focusable="false"
                      viewBox="0 0 8 4"
                    >
                      <path
                        d="M3.99911 0.1923L0.191406 4H7.80681L3.99911 0.1923Z"
                        fill="currentColor"
                      />
                    </svg>
                    <svg
                      class="chakra-icon css-18u6eve"
                      data-testid="sortDesc"
                      focusable="false"
                      viewBox="0 0 8 4"
                    >
                      <path
                        d="M3.99911 3.8077L0.191406 0H7.80681L3.99911 3.8077Z"
                        fill="currentColor"
                      />
                    </svg>
                  </div>
                </div>
              </th>
              <th
                class="css-0"
                data-is-numeric="true"
              >
                <div
                  class="css-0"
                >
                  Annual Est. Units
                  <div
                    class="chakra-stack css-1yu3riu"
                  >
                    <svg
                      class="chakra-icon css-18u6eve"
                      data-testid="sortAsc"
                      focusable="false"
                      viewBox="0 0 8 4"
                    >
                      <path
                        d="M3.99911 0.1923L0.191406 4H7.80681L3.99911 0.1923Z"
                        fill="currentColor"
                      />
                    </svg>
                    <svg
                      class="chakra-icon css-18u6eve"
                      data-testid="sortDesc"
                      focusable="false"
                      viewBox="0 0 8 4"
                    >
                      <path
                        d="M3.99911 3.8077L0.191406 0H7.80681L3.99911 3.8077Z"
                        fill="currentColor"
                      />
                    </svg>
                  </div>
                </div>
              </th>
              <th
                class="css-0"
                data-is-numeric="true"
              >
                <div
                  class="css-0"
                >
                  Total Issued Units
                  <div
                    class="chakra-stack css-1yu3riu"
                  >
                    <svg
                      class="chakra-icon css-18u6eve"
                      data-testid="sortAsc"
                      focusable="false"
                      viewBox="0 0 8 4"
                    >
                      <path
                        d="M3.99911 0.1923L0.191406 4H7.80681L3.99911 0.1923Z"
                        fill="currentColor"
                      />
                    </svg>
                    <svg
                      class="chakra-icon css-18u6eve"
                      data-testid="sortDesc"
                      focusable="false"
                      viewBox="0 0 8 4"
                    >
                      <path
                        d="M3.99911 3.8077L0.191406 0H7.80681L3.99911 3.8077Z"
                        fill="currentColor"
                      />
                    </svg>
                  </div>
                </div>
              </th>
              <th
                class="css-0"
                data-is-numeric="true"
              >
                <div
                  class="css-0"
                >
                  Total Retired Units
                  <div
                    class="chakra-stack css-1yu3riu"
                  >
                    <svg
                      class="chakra-icon css-18u6eve"
                      data-testid="sortAsc"
                      focusable="false"
                      viewBox="0 0 8 4"
                    >
                      <path
                        d="M3.99911 0.1923L0.191406 4H7.80681L3.99911 0.1923Z"
                        fill="currentColor"
                      />
                    </svg>
                    <svg
                      class="chakra-icon css-18u6eve"
                      data-testid="sortDesc"
                      focusable="false"
                      viewBox="0 0 8 4"
                    >
                      <path
                        d="M3.99911 3.8077L0.191406 0H7.80681L3.99911 3.8077Z"
                        fill="currentColor"
                      />
                    </svg>
                  </div>
                </div>
              </th>
              <th
                class="css-0"
                data-is-numeric="true"
              >
                <div
                  class="css-0"
                >
                  Total Available Units
                  <div
                    class="chakra-stack css-1yu3riu"
                  >
                    <svg
                      class="chakra-icon css-18u6eve"
                      data-testid="sortAsc"
                      focusable="false"
                      viewBox="0 0 8 4"
                    >
                      <path
                        d="M3.99911 0.1923L0.191406 4H7.80681L3.99911 0.1923Z"
                        fill="currentColor"
                      />
                    </svg>
                    <svg
                      class="chakra-icon css-18u6eve"
                      data-testid="sortDesc"
                      focusable="false"
                      viewBox="0 0 8 4"
                    >
                      <path
                        d="M3.99911 3.8077L0.191406 0H7.80681L3.99911 3.8077Z"
                        fill="currentColor"
                      />
                    </svg>
                  </div>
                </div>
              </th>
            </tr>
          </thead>
        </table>
      </div>
      <div
        class="chakra-table__container css-zipzvv"
        id="multiScroll"
      >
        <table
          class="chakra-table searchTable css-0"
        >
          <tbody
            class="css-0"
            data-testid="table-scroll"
          >
            <tr
              class="css-mii0oe"
            >
              <td
                class="css-0"
              >
                <div
                  class="chakra-skeleton css-1tjwkx3"
                />
              </td>
              <td
                class="css-0"
              >
                <div
                  class="chakra-skeleton css-1tjwkx3"
                />
              </td>
              <td
                class="css-0"
              >
                <div
                  class="chakra-skeleton css-1tjwkx3"
                />
              </td>
              <td
                class="css-0"
              >
                <div
                  class="chakra-skeleton css-1tjwkx3"
                />
              </td>
              <td
                class="css-0"
              >
                <div
                  class="chakra-skeleton css-1tjwkx3"
                />
              </td>
              <td
                class="css-0"
              >
                <div
                  class="chakra-skeleton css-1tjwkx3"
                />
              </td>
              <td
                class="css-0"
                data-is-numeric="true"
              >
                <div
                  class="chakra-skeleton css-1tjwkx3"
                />
              </td>
              <td
                class="css-0"
                data-is-numeric="true"
              >
                <div
                  class="chakra-skeleton css-1tjwkx3"
                />
              </td>
              <td
                class="css-0"
                data-is-numeric="true"
              >
                <div
                  class="chakra-skeleton css-1tjwkx3"
                />
              </td>
              <td
                class="css-0"
                data-is-numeric="true"
              >
                <div
                  class="chakra-skeleton css-1tjwkx3"
                />
              </td>
            </tr>
          </tbody>
        </table>
      </div>
    </div>
    <div
      class="chakra-stack css-tl3ftk"
    >
      <div
        class="chakra-container css-1isz0w5"
      />
    </div>
  </div>
</div>
`;

exports[`renders correctly on table data 1`] = `
<div>
  <div
    class="css-ss1ytk"
  >
    <div
      class="css-13cl24c"
    >
      <div
        class="chakra-table__container css-1bi7isa"
        id="projectTableReference"
      >
        <table
          class="chakra-table searchTable css-0"
        >
          <thead
            class="css-13o9whf"
            id="projectTable"
          >
            <tr
              class="css-0"
            >
              <th
                class="css-0"
              >
                <div
                  class="css-0"
                >
                  Project Details
                  <div
                    class="chakra-stack css-1yu3riu"
                  >
                    <svg
                      class="chakra-icon css-18u6eve"
                      data-testid="sortAsc"
                      focusable="false"
                      viewBox="0 0 8 4"
                    >
                      <path
                        d="M3.99911 0.1923L0.191406 4H7.80681L3.99911 0.1923Z"
                        fill="currentColor"
                      />
                    </svg>
                    <svg
                      class="chakra-icon css-18u6eve"
                      data-testid="sortDesc"
                      focusable="false"
                      viewBox="0 0 8 4"
                    >
                      <path
                        d="M3.99911 3.8077L0.191406 0H7.80681L3.99911 3.8077Z"
                        fill="currentColor"
                      />
                    </svg>
                  </div>
                </div>
              </th>
            </tr>
          </thead>
        </table>
      </div>
      <table
        class="chakra-table searchTable css-0"
      >
        <tbody
          class="css-1kfska2"
        >
          <tr
            class="css-mii0oe"
          >
            <td
              class="css-0"
            >
              <div
                class="css-70qvj9"
              >
                <div
                  class="css-1rr4qq7"
                >
                  <div
                    class="chakra-stack css-8g8ihq"
                  >
                    <div
                      class="chakra-skeleton css-1tjwkx3"
                    />
                    <div
                      class="chakra-skeleton css-1d14lpv"
                    />
                    <div
                      class="chakra-skeleton css-1d14lpv"
                    />
                  </div>
                </div>
              </div>
            </td>
          </tr>
        </tbody>
      </table>
    </div>
    <div
      class="css-1n1ctis"
    >
      <div
        class="chakra-table__container hide-scrollbar css-1bi7isa"
        id="tableReference"
      >
        <table
          class="chakra-table searchTable css-0"
        >
          <thead
            class=" css-hacnqc"
            id="table"
          >
            <tr
              class="css-0"
              id="scrollableHeader"
            >
              <th
                class="css-0"
              >
                <div
                  class="css-0"
                >
                  Registry
                  <div
                    class="chakra-stack css-1yu3riu"
                  >
                    <svg
                      class="chakra-icon css-18u6eve"
                      data-testid="sortAsc"
                      focusable="false"
                      viewBox="0 0 8 4"
                    >
                      <path
                        d="M3.99911 0.1923L0.191406 4H7.80681L3.99911 0.1923Z"
                        fill="currentColor"
                      />
                    </svg>
                    <svg
                      class="chakra-icon css-18u6eve"
                      data-testid="sortDesc"
                      focusable="false"
                      viewBox="0 0 8 4"
                    >
                      <path
                        d="M3.99911 3.8077L0.191406 0H7.80681L3.99911 3.8077Z"
                        fill="currentColor"
                      />
                    </svg>
                  </div>
                </div>
              </th>
              <th
                class="css-0"
              >
                <div
                  class="css-0"
                >
                  Methodology
                  <div
                    class="chakra-stack css-1yu3riu"
                  >
                    <svg
                      class="chakra-icon css-18u6eve"
                      data-testid="sortAsc"
                      focusable="false"
                      viewBox="0 0 8 4"
                    >
                      <path
                        d="M3.99911 0.1923L0.191406 4H7.80681L3.99911 0.1923Z"
                        fill="currentColor"
                      />
                    </svg>
                    <svg
                      class="chakra-icon css-18u6eve"
                      data-testid="sortDesc"
                      focusable="false"
                      viewBox="0 0 8 4"
                    >
                      <path
                        d="M3.99911 3.8077L0.191406 0H7.80681L3.99911 3.8077Z"
                        fill="currentColor"
                      />
                    </svg>
                  </div>
                </div>
              </th>
              <th
                class="css-0"
              >
                <div
                  class="css-0"
                >
                  Sector
                  <div
                    class="chakra-stack css-1yu3riu"
                  >
                    <svg
                      class="chakra-icon css-18u6eve"
                      data-testid="sortAsc"
                      focusable="false"
                      viewBox="0 0 8 4"
                    >
                      <path
                        d="M3.99911 0.1923L0.191406 4H7.80681L3.99911 0.1923Z"
                        fill="currentColor"
                      />
                    </svg>
                    <svg
                      class="chakra-icon css-18u6eve"
                      data-testid="sortDesc"
                      focusable="false"
                      viewBox="0 0 8 4"
                    >
                      <path
                        d="M3.99911 3.8077L0.191406 0H7.80681L3.99911 3.8077Z"
                        fill="currentColor"
                      />
                    </svg>
                  </div>
                </div>
              </th>
              <th
                class="css-0"
              >
                <div
                  class="css-0"
                >
                  Country
                  <div
                    class="chakra-stack css-1yu3riu"
                  >
                    <svg
                      class="chakra-icon css-18u6eve"
                      data-testid="sortAsc"
                      focusable="false"
                      viewBox="0 0 8 4"
                    >
                      <path
                        d="M3.99911 0.1923L0.191406 4H7.80681L3.99911 0.1923Z"
                        fill="currentColor"
                      />
                    </svg>
                    <svg
                      class="chakra-icon css-18u6eve"
                      data-testid="sortDesc"
                      focusable="false"
                      viewBox="0 0 8 4"
                    >
                      <path
                        d="M3.99911 3.8077L0.191406 0H7.80681L3.99911 3.8077Z"
                        fill="currentColor"
                      />
                    </svg>
                  </div>
                </div>
              </th>
              <th
                class="css-0"
              >
                <div
                  class="css-0"
                >
                  Project Status
                  <div
                    class="chakra-stack css-1yu3riu"
                  >
                    <svg
                      class="chakra-icon css-18u6eve"
                      data-testid="sortAsc"
                      focusable="false"
                      viewBox="0 0 8 4"
                    >
                      <path
                        d="M3.99911 0.1923L0.191406 4H7.80681L3.99911 0.1923Z"
                        fill="currentColor"
                      />
                    </svg>
                    <svg
                      class="chakra-icon css-18u6eve"
                      data-testid="sortDesc"
                      focusable="false"
                      viewBox="0 0 8 4"
                    >
                      <path
                        d="M3.99911 3.8077L0.191406 0H7.80681L3.99911 3.8077Z"
                        fill="currentColor"
                      />
                    </svg>
                  </div>
                </div>
              </th>
              <th
                class="css-rl3ocm"
              >
                <div
                  class="css-0"
                >
                  Crediting Period
                  <div
                    class="chakra-stack css-1yu3riu"
                  >
                    <svg
                      class="chakra-icon css-18u6eve"
                      data-testid="sortAsc"
                      focusable="false"
                      viewBox="0 0 8 4"
                    >
                      <path
                        d="M3.99911 0.1923L0.191406 4H7.80681L3.99911 0.1923Z"
                        fill="currentColor"
                      />
                    </svg>
                    <svg
                      class="chakra-icon css-18u6eve"
                      data-testid="sortDesc"
                      focusable="false"
                      viewBox="0 0 8 4"
                    >
                      <path
                        d="M3.99911 3.8077L0.191406 0H7.80681L3.99911 3.8077Z"
                        fill="currentColor"
                      />
                    </svg>
                  </div>
                </div>
              </th>
              <th
                class="css-0"
                data-is-numeric="true"
              >
                <div
                  class="css-0"
                >
                  Annual Est. Units
                  <div
                    class="chakra-stack css-1yu3riu"
                  >
                    <svg
                      class="chakra-icon css-18u6eve"
                      data-testid="sortAsc"
                      focusable="false"
                      viewBox="0 0 8 4"
                    >
                      <path
                        d="M3.99911 0.1923L0.191406 4H7.80681L3.99911 0.1923Z"
                        fill="currentColor"
                      />
                    </svg>
                    <svg
                      class="chakra-icon css-18u6eve"
                      data-testid="sortDesc"
                      focusable="false"
                      viewBox="0 0 8 4"
                    >
                      <path
                        d="M3.99911 3.8077L0.191406 0H7.80681L3.99911 3.8077Z"
                        fill="currentColor"
                      />
                    </svg>
                  </div>
                </div>
              </th>
              <th
                class="css-0"
                data-is-numeric="true"
              >
                <div
                  class="css-0"
                >
                  Total Issued Units
                  <div
                    class="chakra-stack css-1yu3riu"
                  >
                    <svg
                      class="chakra-icon css-18u6eve"
                      data-testid="sortAsc"
                      focusable="false"
                      viewBox="0 0 8 4"
                    >
                      <path
                        d="M3.99911 0.1923L0.191406 4H7.80681L3.99911 0.1923Z"
                        fill="currentColor"
                      />
                    </svg>
                    <svg
                      class="chakra-icon css-18u6eve"
                      data-testid="sortDesc"
                      focusable="false"
                      viewBox="0 0 8 4"
                    >
                      <path
                        d="M3.99911 3.8077L0.191406 0H7.80681L3.99911 3.8077Z"
                        fill="currentColor"
                      />
                    </svg>
                  </div>
                </div>
              </th>
              <th
                class="css-0"
                data-is-numeric="true"
              >
                <div
                  class="css-0"
                >
                  Total Retired Units
                  <div
                    class="chakra-stack css-1yu3riu"
                  >
                    <svg
                      class="chakra-icon css-18u6eve"
                      data-testid="sortAsc"
                      focusable="false"
                      viewBox="0 0 8 4"
                    >
                      <path
                        d="M3.99911 0.1923L0.191406 4H7.80681L3.99911 0.1923Z"
                        fill="currentColor"
                      />
                    </svg>
                    <svg
                      class="chakra-icon css-18u6eve"
                      data-testid="sortDesc"
                      focusable="false"
                      viewBox="0 0 8 4"
                    >
                      <path
                        d="M3.99911 3.8077L0.191406 0H7.80681L3.99911 3.8077Z"
                        fill="currentColor"
                      />
                    </svg>
                  </div>
                </div>
              </th>
              <th
                class="css-0"
                data-is-numeric="true"
              >
                <div
                  class="css-0"
                >
                  Total Available Units
                  <div
                    class="chakra-stack css-1yu3riu"
                  >
                    <svg
                      class="chakra-icon css-18u6eve"
                      data-testid="sortAsc"
                      focusable="false"
                      viewBox="0 0 8 4"
                    >
                      <path
                        d="M3.99911 0.1923L0.191406 4H7.80681L3.99911 0.1923Z"
                        fill="currentColor"
                      />
                    </svg>
                    <svg
                      class="chakra-icon css-18u6eve"
                      data-testid="sortDesc"
                      focusable="false"
                      viewBox="0 0 8 4"
                    >
                      <path
                        d="M3.99911 3.8077L0.191406 0H7.80681L3.99911 3.8077Z"
                        fill="currentColor"
                      />
                    </svg>
                  </div>
                </div>
              </th>
            </tr>
          </thead>
        </table>
      </div>
      <div
        class="chakra-table__container css-zipzvv"
        id="multiScroll"
      >
        <table
          class="chakra-table searchTable css-0"
        >
          <tbody
            class="css-0"
            data-testid="table-scroll"
          >
            <tr
              class="css-mii0oe"
            >
              <td
                class="css-0"
              >
                <div
                  class="chakra-skeleton css-1tjwkx3"
                />
              </td>
              <td
                class="css-0"
              >
                <div
                  class="chakra-skeleton css-1tjwkx3"
                />
              </td>
              <td
                class="css-0"
              >
                <div
                  class="chakra-skeleton css-1tjwkx3"
                />
              </td>
              <td
                class="css-0"
              >
                <div
                  class="chakra-skeleton css-1tjwkx3"
                />
              </td>
              <td
                class="css-0"
              >
                <div
                  class="chakra-skeleton css-1tjwkx3"
                />
              </td>
              <td
                class="css-0"
              >
                <div
                  class="chakra-skeleton css-1tjwkx3"
                />
              </td>
              <td
                class="css-0"
                data-is-numeric="true"
              >
                <div
                  class="chakra-skeleton css-1tjwkx3"
                />
              </td>
              <td
                class="css-0"
                data-is-numeric="true"
              >
                <div
                  class="chakra-skeleton css-1tjwkx3"
                />
              </td>
              <td
                class="css-0"
                data-is-numeric="true"
              >
                <div
                  class="chakra-skeleton css-1tjwkx3"
                />
              </td>
              <td
                class="css-0"
                data-is-numeric="true"
              >
                <div
                  class="chakra-skeleton css-1tjwkx3"
                />
              </td>
            </tr>
          </tbody>
        </table>
      </div>
    </div>
    <div
      class="chakra-stack css-tl3ftk"
    >
      <div
        class="chakra-container css-1isz0w5"
      />
    </div>
  </div>
</div>
`;

exports[`renders correctly on table data and scroll page 1`] = `
<div>
  <div
    class="css-ss1ytk"
  >
    <div
      class="css-13cl24c"
    >
      <div
        class="chakra-table__container css-1bi7isa"
        id="projectTableReference"
      >
        <table
          class="chakra-table searchTable css-0"
        >
          <thead
            class="css-13o9whf"
            id="projectTable"
          >
            <tr
              class="css-0"
            >
              <th
                class="css-0"
              >
                <div
                  class="css-0"
                >
                  Project Details
                  <div
                    class="chakra-stack css-1yu3riu"
                  >
                    <svg
                      class="chakra-icon css-18u6eve"
                      data-testid="sortAsc"
                      focusable="false"
                      viewBox="0 0 8 4"
                    >
                      <path
                        d="M3.99911 0.1923L0.191406 4H7.80681L3.99911 0.1923Z"
                        fill="currentColor"
                      />
                    </svg>
                    <svg
                      class="chakra-icon css-18u6eve"
                      data-testid="sortDesc"
                      focusable="false"
                      viewBox="0 0 8 4"
                    >
                      <path
                        d="M3.99911 3.8077L0.191406 0H7.80681L3.99911 3.8077Z"
                        fill="currentColor"
                      />
                    </svg>
                  </div>
                </div>
              </th>
            </tr>
          </thead>
        </table>
      </div>
      <table
        class="chakra-table searchTable css-0"
      >
        <tbody
          class="css-1kfska2"
        >
          <tr
            class="css-mii0oe"
          >
            <td
              class="css-0"
            >
              <div
                class="css-70qvj9"
              >
                <div
                  class="css-1rr4qq7"
                >
                  <div
                    class="chakra-stack css-8g8ihq"
                  >
                    <div
                      class="chakra-skeleton css-1tjwkx3"
                    />
                    <div
                      class="chakra-skeleton css-1d14lpv"
                    />
                    <div
                      class="chakra-skeleton css-1d14lpv"
                    />
                  </div>
                </div>
              </div>
            </td>
          </tr>
        </tbody>
      </table>
    </div>
    <div
      class="css-1n1ctis"
    >
      <div
        class="chakra-table__container hide-scrollbar css-1bi7isa"
        id="tableReference"
      >
        <table
          class="chakra-table searchTable css-0"
        >
          <thead
            class=" css-hacnqc"
            id="table"
          >
            <tr
              class="css-0"
              id="scrollableHeader"
            >
              <th
                class="css-0"
              >
                <div
                  class="css-0"
                >
                  Registry
                  <div
                    class="chakra-stack css-1yu3riu"
                  >
                    <svg
                      class="chakra-icon css-18u6eve"
                      data-testid="sortAsc"
                      focusable="false"
                      viewBox="0 0 8 4"
                    >
                      <path
                        d="M3.99911 0.1923L0.191406 4H7.80681L3.99911 0.1923Z"
                        fill="currentColor"
                      />
                    </svg>
                    <svg
                      class="chakra-icon css-18u6eve"
                      data-testid="sortDesc"
                      focusable="false"
                      viewBox="0 0 8 4"
                    >
                      <path
                        d="M3.99911 3.8077L0.191406 0H7.80681L3.99911 3.8077Z"
                        fill="currentColor"
                      />
                    </svg>
                  </div>
                </div>
              </th>
              <th
                class="css-0"
              >
                <div
                  class="css-0"
                >
                  Methodology
                  <div
                    class="chakra-stack css-1yu3riu"
                  >
                    <svg
                      class="chakra-icon css-18u6eve"
                      data-testid="sortAsc"
                      focusable="false"
                      viewBox="0 0 8 4"
                    >
                      <path
                        d="M3.99911 0.1923L0.191406 4H7.80681L3.99911 0.1923Z"
                        fill="currentColor"
                      />
                    </svg>
                    <svg
                      class="chakra-icon css-18u6eve"
                      data-testid="sortDesc"
                      focusable="false"
                      viewBox="0 0 8 4"
                    >
                      <path
                        d="M3.99911 3.8077L0.191406 0H7.80681L3.99911 3.8077Z"
                        fill="currentColor"
                      />
                    </svg>
                  </div>
                </div>
              </th>
              <th
                class="css-0"
              >
                <div
                  class="css-0"
                >
                  Sector
                  <div
                    class="chakra-stack css-1yu3riu"
                  >
                    <svg
                      class="chakra-icon css-18u6eve"
                      data-testid="sortAsc"
                      focusable="false"
                      viewBox="0 0 8 4"
                    >
                      <path
                        d="M3.99911 0.1923L0.191406 4H7.80681L3.99911 0.1923Z"
                        fill="currentColor"
                      />
                    </svg>
                    <svg
                      class="chakra-icon css-18u6eve"
                      data-testid="sortDesc"
                      focusable="false"
                      viewBox="0 0 8 4"
                    >
                      <path
                        d="M3.99911 3.8077L0.191406 0H7.80681L3.99911 3.8077Z"
                        fill="currentColor"
                      />
                    </svg>
                  </div>
                </div>
              </th>
              <th
                class="css-0"
              >
                <div
                  class="css-0"
                >
                  Country
                  <div
                    class="chakra-stack css-1yu3riu"
                  >
                    <svg
                      class="chakra-icon css-18u6eve"
                      data-testid="sortAsc"
                      focusable="false"
                      viewBox="0 0 8 4"
                    >
                      <path
                        d="M3.99911 0.1923L0.191406 4H7.80681L3.99911 0.1923Z"
                        fill="currentColor"
                      />
                    </svg>
                    <svg
                      class="chakra-icon css-18u6eve"
                      data-testid="sortDesc"
                      focusable="false"
                      viewBox="0 0 8 4"
                    >
                      <path
                        d="M3.99911 3.8077L0.191406 0H7.80681L3.99911 3.8077Z"
                        fill="currentColor"
                      />
                    </svg>
                  </div>
                </div>
              </th>
              <th
                class="css-0"
              >
                <div
                  class="css-0"
                >
                  Project Status
                  <div
                    class="chakra-stack css-1yu3riu"
                  >
                    <svg
                      class="chakra-icon css-18u6eve"
                      data-testid="sortAsc"
                      focusable="false"
                      viewBox="0 0 8 4"
                    >
                      <path
                        d="M3.99911 0.1923L0.191406 4H7.80681L3.99911 0.1923Z"
                        fill="currentColor"
                      />
                    </svg>
                    <svg
                      class="chakra-icon css-18u6eve"
                      data-testid="sortDesc"
                      focusable="false"
                      viewBox="0 0 8 4"
                    >
                      <path
                        d="M3.99911 3.8077L0.191406 0H7.80681L3.99911 3.8077Z"
                        fill="currentColor"
                      />
                    </svg>
                  </div>
                </div>
              </th>
              <th
                class="css-rl3ocm"
              >
                <div
                  class="css-0"
                >
                  Crediting Period
                  <div
                    class="chakra-stack css-1yu3riu"
                  >
                    <svg
                      class="chakra-icon css-18u6eve"
                      data-testid="sortAsc"
                      focusable="false"
                      viewBox="0 0 8 4"
                    >
                      <path
                        d="M3.99911 0.1923L0.191406 4H7.80681L3.99911 0.1923Z"
                        fill="currentColor"
                      />
                    </svg>
                    <svg
                      class="chakra-icon css-18u6eve"
                      data-testid="sortDesc"
                      focusable="false"
                      viewBox="0 0 8 4"
                    >
                      <path
                        d="M3.99911 3.8077L0.191406 0H7.80681L3.99911 3.8077Z"
                        fill="currentColor"
                      />
                    </svg>
                  </div>
                </div>
              </th>
              <th
                class="css-0"
                data-is-numeric="true"
              >
                <div
                  class="css-0"
                >
                  Annual Est. Units
                  <div
                    class="chakra-stack css-1yu3riu"
                  >
                    <svg
                      class="chakra-icon css-18u6eve"
                      data-testid="sortAsc"
                      focusable="false"
                      viewBox="0 0 8 4"
                    >
                      <path
                        d="M3.99911 0.1923L0.191406 4H7.80681L3.99911 0.1923Z"
                        fill="currentColor"
                      />
                    </svg>
                    <svg
                      class="chakra-icon css-18u6eve"
                      data-testid="sortDesc"
                      focusable="false"
                      viewBox="0 0 8 4"
                    >
                      <path
                        d="M3.99911 3.8077L0.191406 0H7.80681L3.99911 3.8077Z"
                        fill="currentColor"
                      />
                    </svg>
                  </div>
                </div>
              </th>
              <th
                class="css-0"
                data-is-numeric="true"
              >
                <div
                  class="css-0"
                >
                  Total Issued Units
                  <div
                    class="chakra-stack css-1yu3riu"
                  >
                    <svg
                      class="chakra-icon css-18u6eve"
                      data-testid="sortAsc"
                      focusable="false"
                      viewBox="0 0 8 4"
                    >
                      <path
                        d="M3.99911 0.1923L0.191406 4H7.80681L3.99911 0.1923Z"
                        fill="currentColor"
                      />
                    </svg>
                    <svg
                      class="chakra-icon css-18u6eve"
                      data-testid="sortDesc"
                      focusable="false"
                      viewBox="0 0 8 4"
                    >
                      <path
                        d="M3.99911 3.8077L0.191406 0H7.80681L3.99911 3.8077Z"
                        fill="currentColor"
                      />
                    </svg>
                  </div>
                </div>
              </th>
              <th
                class="css-0"
                data-is-numeric="true"
              >
                <div
                  class="css-0"
                >
                  Total Retired Units
                  <div
                    class="chakra-stack css-1yu3riu"
                  >
                    <svg
                      class="chakra-icon css-18u6eve"
                      data-testid="sortAsc"
                      focusable="false"
                      viewBox="0 0 8 4"
                    >
                      <path
                        d="M3.99911 0.1923L0.191406 4H7.80681L3.99911 0.1923Z"
                        fill="currentColor"
                      />
                    </svg>
                    <svg
                      class="chakra-icon css-18u6eve"
                      data-testid="sortDesc"
                      focusable="false"
                      viewBox="0 0 8 4"
                    >
                      <path
                        d="M3.99911 3.8077L0.191406 0H7.80681L3.99911 3.8077Z"
                        fill="currentColor"
                      />
                    </svg>
                  </div>
                </div>
              </th>
              <th
                class="css-0"
                data-is-numeric="true"
              >
                <div
                  class="css-0"
                >
                  Total Available Units
                  <div
                    class="chakra-stack css-1yu3riu"
                  >
                    <svg
                      class="chakra-icon css-18u6eve"
                      data-testid="sortAsc"
                      focusable="false"
                      viewBox="0 0 8 4"
                    >
                      <path
                        d="M3.99911 0.1923L0.191406 4H7.80681L3.99911 0.1923Z"
                        fill="currentColor"
                      />
                    </svg>
                    <svg
                      class="chakra-icon css-18u6eve"
                      data-testid="sortDesc"
                      focusable="false"
                      viewBox="0 0 8 4"
                    >
                      <path
                        d="M3.99911 3.8077L0.191406 0H7.80681L3.99911 3.8077Z"
                        fill="currentColor"
                      />
                    </svg>
                  </div>
                </div>
              </th>
            </tr>
          </thead>
        </table>
      </div>
      <div
        class="chakra-table__container css-zipzvv"
        id="multiScroll"
      >
        <table
          class="chakra-table searchTable css-0"
        >
          <tbody
            class="css-0"
            data-testid="table-scroll"
          >
            <tr
              class="css-mii0oe"
            >
              <td
                class="css-0"
              >
                <div
                  class="chakra-skeleton css-1tjwkx3"
                />
              </td>
              <td
                class="css-0"
              >
                <div
                  class="chakra-skeleton css-1tjwkx3"
                />
              </td>
              <td
                class="css-0"
              >
                <div
                  class="chakra-skeleton css-1tjwkx3"
                />
              </td>
              <td
                class="css-0"
              >
                <div
                  class="chakra-skeleton css-1tjwkx3"
                />
              </td>
              <td
                class="css-0"
              >
                <div
                  class="chakra-skeleton css-1tjwkx3"
                />
              </td>
              <td
                class="css-0"
              >
                <div
                  class="chakra-skeleton css-1tjwkx3"
                />
              </td>
              <td
                class="css-0"
                data-is-numeric="true"
              >
                <div
                  class="chakra-skeleton css-1tjwkx3"
                />
              </td>
              <td
                class="css-0"
                data-is-numeric="true"
              >
                <div
                  class="chakra-skeleton css-1tjwkx3"
                />
              </td>
              <td
                class="css-0"
                data-is-numeric="true"
              >
                <div
                  class="chakra-skeleton css-1tjwkx3"
                />
              </td>
              <td
                class="css-0"
                data-is-numeric="true"
              >
                <div
                  class="chakra-skeleton css-1tjwkx3"
                />
              </td>
            </tr>
          </tbody>
        </table>
      </div>
    </div>
    <div
      class="chakra-stack css-tl3ftk"
    >
      <div
        class="chakra-container css-1isz0w5"
      />
    </div>
  </div>
</div>
`;
