// Jest Snapshot v1, https://goo.gl/fbAQLP

exports[`IssuancePage renders correctly 1`] = `
<div>
  <div
    class="css-m31y3a"
  >
    <div
      class="css-wq87pz"
    >
      <div
        class="css-1teq9s8"
      >
        <img
          alt="--"
          class="chakra-image css-19vnwa0"
          src="/img.jpg"
        />
        <div
          class="chakra-stack css-1ibnd6w"
        >
          <p
            class="chakra-text css-1ezsviu"
          >
            --
          </p>
          <h2
            class="chakra-heading css-1lr1hz5"
          >
            --
          </h2>
          <p
            class="chakra-text css-0"
          />
        </div>
      </div>
    </div>
  </div>
  <div
    class="css-i69fyo"
  >
    <div
      class="css-0"
    >
      <div
        class="chakra-stack css-qlxuh7"
      >
        <svg
          class="chakra-icon css-g7llvd"
          focusable="false"
          viewBox="0 0 40 16"
        >
          <circle
            cx="1.42857"
            cy="1.42857"
            fill="currentFill"
            r="1.42857"
          />
          <circle
            cx="1.42857"
            cy="13.8097"
            fill="currentFill"
            r="1.42857"
          />
          <circle
            cx="13.8094"
            cy="1.42857"
            fill="currentFill"
            r="1.42857"
          />
          <circle
            cx="13.8094"
            cy="13.8097"
            fill="currentFill"
            r="1.42857"
          />
          <circle
            cx="26.1903"
            cy="1.42857"
            fill="currentFill"
            r="1.42857"
          />
          <circle
            cx="26.1903"
            cy="13.8097"
            fill="currentFill"
            r="1.42857"
          />
          <circle
            cx="38.5716"
            cy="1.42857"
            fill="currentFill"
            r="1.42857"
          />
          <circle
            cx="38.5716"
            cy="13.8097"
            fill="currentFill"
            r="1.42857"
          />
        </svg>
        <h2
          class="chakra-heading css-16o2lp8"
        >
          Retirement Details
        </h2>
      </div>
      <div
        class="css-1mliti3"
      >
        <div
          class="chakra-container css-tqikoc"
        >
          <div
            class="chakra-skeleton css-1p3r0co"
          />
        </div>
      </div>
    </div>
    <div
      class="css-0"
    >
      <div
        class="chakra-stack css-qlxuh7"
      >
        <svg
          class="chakra-icon css-g7llvd"
          focusable="false"
          viewBox="0 0 40 16"
        >
          <circle
            cx="1.42857"
            cy="1.42857"
            fill="currentFill"
            r="1.42857"
          />
          <circle
            cx="1.42857"
            cy="13.8097"
            fill="currentFill"
            r="1.42857"
          />
          <circle
            cx="13.8094"
            cy="1.42857"
            fill="currentFill"
            r="1.42857"
          />
          <circle
            cx="13.8094"
            cy="13.8097"
            fill="currentFill"
            r="1.42857"
          />
          <circle
            cx="26.1903"
            cy="1.42857"
            fill="currentFill"
            r="1.42857"
          />
          <circle
            cx="26.1903"
            cy="13.8097"
            fill="currentFill"
            r="1.42857"
          />
          <circle
            cx="38.5716"
            cy="1.42857"
            fill="currentFill"
            r="1.42857"
          />
          <circle
            cx="38.5716"
            cy="13.8097"
            fill="currentFill"
            r="1.42857"
          />
        </svg>
        <h2
          class="chakra-heading css-16o2lp8"
        >
          Original Issuance Details
        </h2>
      </div>
      <div
        class="css-1mliti3"
      >
        <div
          class="chakra-container css-tqikoc"
        >
          <div
            class="chakra-skeleton css-1p3r0co"
          />
        </div>
      </div>
    </div>
  </div>
</div>
`;
