// Jest Snapshot v1, https://goo.gl/fbAQLP

exports[`renders correctly 1`] = `
<div>
  <div
    class="css-hboir5"
  >
    <div
      class="chakra-container css-8wzqif"
    >
      <div
        class="css-17zfaa9"
      />
      <div
        class="css-z6ggzb"
      >
        my data
      </div>
    </div>
  </div>
</div>
`;
