// Jest Snapshot v1, https://goo.gl/fbAQLP

exports[`renders correctly 1`] = `
<div>
  <div
    class="css-hboir5"
  >
    <div
      class="chakra-container css-8wzqif"
    >
      <div
        class="css-17zfaa9"
      >
        <div
          class="css-hajjsy"
        >
          <div
            class="css-0"
          >
            <p
              class="chakra-text css-in3yi3"
            >
              Region
            </p>
          </div>
          <hr
            aria-orientation="vertical"
            class="chakra-divider css-8w54o2"
          />
          <div
            class="chakra-stack css-1mlvmbj"
          >
            <button
              class="chakra-button css-4xx2wk"
              data-testid="button-region-0"
              type="button"
            >
              <span
                class="css-1ehzxp"
              >
                <span
                  class="css-zvlevn"
                >
                  regions.north-america
                </span>
              </span>
            </button>
            <button
              class="chakra-button css-4xx2wk"
              data-testid="button-region-1"
              type="button"
            >
              <span
                class="css-1ehzxp"
              >
                <span
                  class="css-zvlevn"
                >
                  regions.south-america
                </span>
              </span>
            </button>
            <button
              class="chakra-button css-4xx2wk"
              data-testid="button-region-2"
              type="button"
            >
              <span
                class="css-1ehzxp"
              >
                <span
                  class="css-zvlevn"
                >
                  regions.europe
                </span>
              </span>
            </button>
            <button
              class="chakra-button css-4xx2wk"
              data-testid="button-region-3"
              type="button"
            >
              <span
                class="css-1ehzxp"
              >
                <span
                  class="css-zvlevn"
                >
                  regions.africa
                </span>
              </span>
            </button>
            <button
              class="chakra-button css-4xx2wk"
              data-testid="button-region-4"
              type="button"
            >
              <span
                class="css-1ehzxp"
              >
                <span
                  class="css-zvlevn"
                >
                  regions.asia
                </span>
              </span>
            </button>
            <button
              class="chakra-button css-4xx2wk"
              data-testid="button-region-5"
              type="button"
            >
              <span
                class="css-1ehzxp"
              >
                <span
                  class="css-zvlevn"
                >
                  regions.anz
                </span>
              </span>
            </button>
          </div>
        </div>
        <div
          class="css-17xejub"
        />
        <div
          class="css-hajjsy"
        >
          <div
            class="chakra-stack css-1mlvmbj"
          >
            <span
              class="css-ew0hq8"
            >
              <span
                class="css-zvlevn"
                data-testid="button-timeframe-0"
              >
                timeframes.max
              </span>
            </span>
            <span
              class="css-ew0hq8"
            >
              <span
                class="css-zvlevn"
                data-testid="button-timeframe-1"
              >
                timeframes.12m
              </span>
            </span>
            <span
              class="css-ew0hq8"
            >
              <span
                class="css-zvlevn"
                data-testid="button-timeframe-2"
              >
                timeframes.ytd
              </span>
            </span>
            <span
              class="css-ew0hq8"
            >
              <span
                class="css-zvlevn"
                data-testid="button-timeframe-3"
              >
                timeframes.1m
              </span>
            </span>
          </div>
        </div>
      </div>
      <div
        class="css-z6ggzb"
      >
        my data
      </div>
    </div>
  </div>
</div>
`;
