// Jest Snapshot v1, https://goo.gl/fbAQLP

exports[`PageDetails renders correctly 1`] = `
<div>
  <div
    class="css-14fdyiq"
  >
    <div
      class="css-0"
    >
      <div
        class="chakra-stack css-qlxuh7"
      >
        <svg
          class="chakra-icon css-g7llvd"
          focusable="false"
          viewBox="0 0 40 16"
        >
          <circle
            cx="1.42857"
            cy="1.42857"
            fill="currentFill"
            r="1.42857"
          />
          <circle
            cx="1.42857"
            cy="13.8097"
            fill="currentFill"
            r="1.42857"
          />
          <circle
            cx="13.8094"
            cy="1.42857"
            fill="currentFill"
            r="1.42857"
          />
          <circle
            cx="13.8094"
            cy="13.8097"
            fill="currentFill"
            r="1.42857"
          />
          <circle
            cx="26.1903"
            cy="1.42857"
            fill="currentFill"
            r="1.42857"
          />
          <circle
            cx="26.1903"
            cy="13.8097"
            fill="currentFill"
            r="1.42857"
          />
          <circle
            cx="38.5716"
            cy="1.42857"
            fill="currentFill"
            r="1.42857"
          />
          <circle
            cx="38.5716"
            cy="13.8097"
            fill="currentFill"
            r="1.42857"
          />
        </svg>
        <h2
          class="chakra-heading css-16o2lp8"
        >
          Project Details
        </h2>
      </div>
      <div
        class="css-1mliti3"
      >
        <div
          class="chakra-container css-tqikoc"
        >
          <div
            class="chakra-stack css-j7qwjs"
          >
            <div
              class="css-s8hfc8"
            >
              <div
                class="css-0"
              >
                <p
                  class="chakra-text css-1xi4xed"
                >
                  Standard
                </p>
                <div
                  class="css-0"
                >
                  <div
                    class="chakra-skeleton css-1tjwkx3"
                  />
                </div>
              </div>
              <div
                class="css-0"
              >
                <p
                  class="chakra-text css-1xi4xed"
                >
                  Methodology
                </p>
                <div
                  class="css-0"
                >
                  <div
                    class="chakra-skeleton css-1tjwkx3"
                  />
                </div>
              </div>
              <div
                class="css-0"
              >
                <p
                  class="chakra-text css-1xi4xed"
                >
                  Project Developer
                </p>
                <div
                  class="css-0"
                >
                  <div
                    class="chakra-skeleton css-1tjwkx3"
                  />
                </div>
              </div>
              <div
                class="css-0"
              >
                <p
                  class="chakra-text css-1xi4xed"
                >
                  Project Link
                </p>
                <div
                  class="css-0"
                >
                  <div
                    class="chakra-skeleton css-1tjwkx3"
                  />
                </div>
              </div>
              <div
                class="css-0"
              >
                <p
                  class="chakra-text css-1xi4xed"
                >
                  Sector
                </p>
                <div
                  class="css-0"
                >
                  <div
                    class="chakra-skeleton css-1tjwkx3"
                  />
                </div>
              </div>
              <div
                class="css-0"
              >
                <p
                  class="chakra-text css-1xi4xed"
                >
                  Project Type
                </p>
                <div
                  class="css-0"
                >
                  <div
                    class="chakra-skeleton css-1tjwkx3"
                  />
                </div>
              </div>
              <div
                class="css-0"
              >
                <p
                  class="chakra-text css-1xi4xed"
                >
                  Status
                </p>
                <div
                  class="css-0"
                >
                  <div
                    class="chakra-skeleton css-1tjwkx3"
                  />
                </div>
              </div>
              <div
                class="css-0"
              >
                <p
                  class="chakra-text css-1xi4xed"
                >
                  Status Updated On
                </p>
                <div
                  class="css-0"
                >
                  <div
                    class="chakra-skeleton css-1tjwkx3"
                  />
                </div>
              </div>
            </div>
            <div
              class="chakra-stack__divider css-1g2u1yc"
            />
            <div
              class="css-k008qs"
            >
              <div
                class="css-s8hfc8"
              >
                <div
                  class="css-0"
                >
                  <p
                    class="chakra-text css-1xi4xed"
                  >
                    Total Available Units
                  </p>
                  <div
                    class="css-0"
                  >
                    <div
                      class="chakra-skeleton css-1tjwkx3"
                    />
                  </div>
                </div>
                <div
                  class="css-0"
                >
                  <p
                    class="chakra-text css-1xi4xed"
                  >
                    Total Issuances
                  </p>
                  <div
                    class="css-0"
                  >
                    <div
                      class="chakra-skeleton css-1tjwkx3"
                    />
                  </div>
                </div>
                <div
                  class="css-0"
                >
                  <p
                    class="chakra-text css-1xi4xed"
                  >
                    Crediting Period
                  </p>
                  <div
                    class="css-0"
                  >
                    <div
                      class="chakra-skeleton css-1tjwkx3"
                    />
                  </div>
                </div>
              </div>
              <div
                class="css-s8hfc8"
              >
                <div
                  class="css-0"
                >
                  <p
                    class="chakra-text css-1xi4xed"
                  >
                    Total Retirements
                  </p>
                  <div
                    class="css-0"
                  >
                    <div
                      class="chakra-skeleton css-1tjwkx3"
                    />
                  </div>
                </div>
                <div
                  class="css-0"
                >
                  <p
                    class="chakra-text css-1xi4xed"
                  >
                    Annual Estimated Units
                  </p>
                  <div
                    class="css-0"
                  >
                    <div
                      class="chakra-skeleton css-1tjwkx3"
                    />
                  </div>
                </div>
                <div
                  class="css-0"
                >
                  <p
                    class="chakra-text css-1xi4xed"
                  >
                    Unit Metric Measurement
                  </p>
                  <div
                    class="css-0"
                  >
                    <div
                      class="chakra-skeleton css-1tjwkx3"
                    />
                  </div>
                </div>
              </div>
            </div>
            <div
              class="chakra-stack__divider css-1g2u1yc"
            />
            <div
              class="css-s8hfc8"
            >
              <div
                class="css-0"
              >
                <p
                  class="chakra-text css-1xi4xed"
                >
                  NDC Coverage
                </p>
                <div
                  class="css-0"
                >
                  <div
                    class="chakra-skeleton css-1tjwkx3"
                  />
                </div>
              </div>
              <div
                class="css-0"
              >
                <p
                  class="chakra-text css-1xi4xed"
                >
                  Correspondingly Adjusted
                </p>
                <div
                  class="css-0"
                >
                  <div
                    class="chakra-skeleton css-1tjwkx3"
                  />
                </div>
              </div>
            </div>
            <div
              class="chakra-stack__divider css-1g2u1yc"
            />
            <div
              class="css-s8hfc8"
            >
              <div
                class="css-0"
              >
                <p
                  class="chakra-text css-1xi4xed"
                >
                  Project Tags
                </p>
                <div
                  class="css-0"
                >
                  <div
                    class="chakra-skeleton css-1tjwkx3"
                  />
                </div>
              </div>
              <div
                class="css-0"
              >
                <p
                  class="chakra-text css-1xi4xed"
                >
                  Co-Benefits
                </p>
                <div
                  class="css-0"
                >
                  <div
                    class="chakra-skeleton css-1tjwkx3"
                  />
                </div>
              </div>
            </div>
          </div>
        </div>
        <div
          class="chakra-container css-1b7mn2k"
        >
          <div
            class="chakra-skeleton css-t8wcef"
          />
          <div
            class="chakra-container css-bybdqv"
          >
            <div
              class="css-s8hfc8"
            >
              <div
                class="css-0"
              >
                <p
                  class="chakra-text css-1xi4xed"
                >
                  Country
                </p>
                <p
                  class="chakra-text css-0"
                />
              </div>
              <div
                class="css-0"
              >
                <p
                  class="chakra-text css-1xi4xed"
                >
                  In-country Region
                </p>
                <p
                  class="chakra-text css-0"
                />
              </div>
              <div
                class="css-0"
              >
                <p
                  class="chakra-text css-1xi4xed"
                >
                  Geographic identifier
                </p>
                <p
                  class="chakra-text css-0"
                >
                  --
                </p>
              </div>
            </div>
          </div>
        </div>
      </div>
    </div>
    <div
      class="css-0"
    >
      <div
        class="chakra-stack css-qlxuh7"
      >
        <svg
          class="chakra-icon css-g7llvd"
          focusable="false"
          viewBox="0 0 40 16"
        >
          <circle
            cx="1.42857"
            cy="1.42857"
            fill="currentFill"
            r="1.42857"
          />
          <circle
            cx="1.42857"
            cy="13.8097"
            fill="currentFill"
            r="1.42857"
          />
          <circle
            cx="13.8094"
            cy="1.42857"
            fill="currentFill"
            r="1.42857"
          />
          <circle
            cx="13.8094"
            cy="13.8097"
            fill="currentFill"
            r="1.42857"
          />
          <circle
            cx="26.1903"
            cy="1.42857"
            fill="currentFill"
            r="1.42857"
          />
          <circle
            cx="26.1903"
            cy="13.8097"
            fill="currentFill"
            r="1.42857"
          />
          <circle
            cx="38.5716"
            cy="1.42857"
            fill="currentFill"
            r="1.42857"
          />
          <circle
            cx="38.5716"
            cy="13.8097"
            fill="currentFill"
            r="1.42857"
          />
        </svg>
        <h2
          class="chakra-heading css-16o2lp8"
        >
          Verification & Validation
        </h2>
      </div>
      <div
        class="css-1mliti3"
      >
        <div
          class="chakra-container css-kzfr2u"
        >
          Lorem ipsum dolor sit amet, consectetur adipiscing elit. Quisque vestibulum ex vel blandit congue. Integer turpis lectus, porttitor sed tellus et, rhoncus suscipit lorem. Donec quis ante vitae mi commodo ultrices. Pellentesque accumsan magna enim, nec venenatis sapien vestibulum vitae.
        </div>
      </div>
    </div>
    <div
      class="css-0"
    >
      <div
        class="chakra-stack css-qlxuh7"
      >
        <svg
          class="chakra-icon css-g7llvd"
          focusable="false"
          viewBox="0 0 40 16"
        >
          <circle
            cx="1.42857"
            cy="1.42857"
            fill="currentFill"
            r="1.42857"
          />
          <circle
            cx="1.42857"
            cy="13.8097"
            fill="currentFill"
            r="1.42857"
          />
          <circle
            cx="13.8094"
            cy="1.42857"
            fill="currentFill"
            r="1.42857"
          />
          <circle
            cx="13.8094"
            cy="13.8097"
            fill="currentFill"
            r="1.42857"
          />
          <circle
            cx="26.1903"
            cy="1.42857"
            fill="currentFill"
            r="1.42857"
          />
          <circle
            cx="26.1903"
            cy="13.8097"
            fill="currentFill"
            r="1.42857"
          />
          <circle
            cx="38.5716"
            cy="1.42857"
            fill="currentFill"
            r="1.42857"
          />
          <circle
            cx="38.5716"
            cy="13.8097"
            fill="currentFill"
            r="1.42857"
          />
        </svg>
        <h2
          class="chakra-heading css-16o2lp8"
        >
          Issuances & Retirements
        </h2>
      </div>
      <div
        class="css-1mliti3"
      >
        <div
          class="chakra-container css-kzfr2u"
        >
          Lorem ipsum dolor sit amet, consectetur adipiscing elit. Quisque vestibulum ex vel blandit congue. Integer turpis lectus, porttitor sed tellus et, rhoncus suscipit lorem. Donec quis ante vitae mi commodo ultrices. Pellentesque accumsan magna enim, nec venenatis sapien vestibulum vitae.
        </div>
      </div>
    </div>
    <div
      class="css-0"
    >
      <div
        class="chakra-stack css-qlxuh7"
      >
        <svg
          class="chakra-icon css-g7llvd"
          focusable="false"
          viewBox="0 0 40 16"
        >
          <circle
            cx="1.42857"
            cy="1.42857"
            fill="currentFill"
            r="1.42857"
          />
          <circle
            cx="1.42857"
            cy="13.8097"
            fill="currentFill"
            r="1.42857"
          />
          <circle
            cx="13.8094"
            cy="1.42857"
            fill="currentFill"
            r="1.42857"
          />
          <circle
            cx="13.8094"
            cy="13.8097"
            fill="currentFill"
            r="1.42857"
          />
          <circle
            cx="26.1903"
            cy="1.42857"
            fill="currentFill"
            r="1.42857"
          />
          <circle
            cx="26.1903"
            cy="13.8097"
            fill="currentFill"
            r="1.42857"
          />
          <circle
            cx="38.5716"
            cy="1.42857"
            fill="currentFill"
            r="1.42857"
          />
          <circle
            cx="38.5716"
            cy="13.8097"
            fill="currentFill"
            r="1.42857"
          />
        </svg>
        <h2
          class="chakra-heading css-16o2lp8"
        >
          Documents
        </h2>
      </div>
      <div
        class="css-1mliti3"
      >
        <div
          class="chakra-container css-kzfr2u"
        >
          Lorem ipsum dolor sit amet, consectetur adipiscing elit. Quisque vestibulum ex vel blandit congue. Integer turpis lectus, porttitor sed tellus et, rhoncus suscipit lorem. Donec quis ante vitae mi commodo ultrices. Pellentesque accumsan magna enim, nec venenatis sapien vestibulum vitae.
        </div>
      </div>
    </div>
  </div>
</div>
`;
