// Jest Snapshot v1, https://goo.gl/fbAQLP

exports[`renders correctly 1`] = `
<div>
  <div
    class="css-cqjmew"
  >
    <label
      class="chakra-checkbox css-1elxtiq"
      data-testid="checkbox-watchlist"
    >
      <input
        class="chakra-checkbox__input"
        style="border: 0px; clip: rect(0px, 0px, 0px, 0px); height: 1px; width: 1px; margin: -1px; padding: 0px; overflow: hidden; white-space: nowrap; position: absolute;"
        type="checkbox"
        value=""
      />
      <span
        aria-hidden="true"
        class="chakra-checkbox__control css-dnty2r"
      />
      <span
        class="chakra-checkbox__label css-1oeb2oe"
      >
        Electric - Biogas
      </span>
    </label>
  </div>
  <div
    class="css-cqjmew"
  >
    <label
      class="chakra-checkbox css-1elxtiq"
      data-testid="checkbox-watchlist"
    >
      <input
        class="chakra-checkbox__input"
        style="border: 0px; clip: rect(0px, 0px, 0px, 0px); height: 1px; width: 1px; margin: -1px; padding: 0px; overflow: hidden; white-space: nowrap; position: absolute;"
        type="checkbox"
        value=""
      />
      <span
        aria-hidden="true"
        class="chakra-checkbox__control css-dnty2r"
      />
      <span
        class="chakra-checkbox__label css-1oeb2oe"
      >
        Verra
      </span>
    </label>
  </div>
  <div
    class="css-cqjmew"
  >
    <label
      class="chakra-checkbox css-1elxtiq"
      data-testid="checkbox-watchlist"
    >
      <input
        class="chakra-checkbox__input"
        style="border: 0px; clip: rect(0px, 0px, 0px, 0px); height: 1px; width: 1px; margin: -1px; padding: 0px; overflow: hidden; white-space: nowrap; position: absolute;"
        type="checkbox"
        value=""
      />
      <span
        aria-hidden="true"
        class="chakra-checkbox__control css-dnty2r"
      />
      <span
        class="chakra-checkbox__label css-1oeb2oe"
      >
        GCC
      </span>
    </label>
  </div>
  <div
    class="css-cqjmew"
  >
    <label
      class="chakra-checkbox css-1elxtiq"
      data-testid="checkbox-watchlist"
    >
      <input
        class="chakra-checkbox__input"
        style="border: 0px; clip: rect(0px, 0px, 0px, 0px); height: 1px; width: 1px; margin: -1px; padding: 0px; overflow: hidden; white-space: nowrap; position: absolute;"
        type="checkbox"
        value=""
      />
      <span
        aria-hidden="true"
        class="chakra-checkbox__control css-dnty2r"
      />
      <span
        class="chakra-checkbox__label css-1oeb2oe"
      >
        Cookstoves
      </span>
    </label>
  </div>
</div>
`;

exports[`renders correctly and check checkbox 1`] = `
<div>
  <div
    class="css-cqjmew"
  >
    <label
      class="chakra-checkbox css-1elxtiq"
      data-testid="checkbox-watchlist"
    >
      <input
        class="chakra-checkbox__input"
        style="border: 0px; clip: rect(0px, 0px, 0px, 0px); height: 1px; width: 1px; margin: -1px; padding: 0px; overflow: hidden; white-space: nowrap; position: absolute;"
        type="checkbox"
        value=""
      />
      <span
        aria-hidden="true"
        class="chakra-checkbox__control css-dnty2r"
      />
      <span
        class="chakra-checkbox__label css-1oeb2oe"
      >
        Electric - Biogas
      </span>
    </label>
  </div>
  <div
    class="css-cqjmew"
  >
    <label
      class="chakra-checkbox css-1elxtiq"
      data-testid="checkbox-watchlist"
    >
      <input
        class="chakra-checkbox__input"
        style="border: 0px; clip: rect(0px, 0px, 0px, 0px); height: 1px; width: 1px; margin: -1px; padding: 0px; overflow: hidden; white-space: nowrap; position: absolute;"
        type="checkbox"
        value=""
      />
      <span
        aria-hidden="true"
        class="chakra-checkbox__control css-dnty2r"
      />
      <span
        class="chakra-checkbox__label css-1oeb2oe"
      >
        Verra
      </span>
    </label>
  </div>
  <div
    class="css-cqjmew"
  >
    <label
      class="chakra-checkbox css-1elxtiq"
      data-testid="checkbox-watchlist"
    >
      <input
        class="chakra-checkbox__input"
        style="border: 0px; clip: rect(0px, 0px, 0px, 0px); height: 1px; width: 1px; margin: -1px; padding: 0px; overflow: hidden; white-space: nowrap; position: absolute;"
        type="checkbox"
        value=""
      />
      <span
        aria-hidden="true"
        class="chakra-checkbox__control css-dnty2r"
      />
      <span
        class="chakra-checkbox__label css-1oeb2oe"
      >
        GCC
      </span>
    </label>
  </div>
  <div
    class="css-cqjmew"
  >
    <label
      class="chakra-checkbox css-1elxtiq"
      data-testid="checkbox-watchlist"
    >
      <input
        class="chakra-checkbox__input"
        style="border: 0px; clip: rect(0px, 0px, 0px, 0px); height: 1px; width: 1px; margin: -1px; padding: 0px; overflow: hidden; white-space: nowrap; position: absolute;"
        type="checkbox"
        value=""
      />
      <span
        aria-hidden="true"
        class="chakra-checkbox__control css-dnty2r"
      />
      <span
        class="chakra-checkbox__label css-1oeb2oe"
      >
        Cookstoves
      </span>
    </label>
  </div>
</div>
`;

exports[`renders correctly empty 1`] = `
<div>
  <div
    class="css-1e54vvi"
  >
    <p
      class="chakra-text css-0"
    >
      Start a watchlist to easily organise and save carbon projects
    </p>
  </div>
</div>
`;
