// Jest Snapshot v1, https://goo.gl/fbAQLP

exports[`credit history stat renders correctly with large amount 1`] = `
<div>
  <div
    class="chakra-stat css-13qepjb"
  >
    <dl>
      <dd
        class="chakra-stat__number css-fvxuh5"
      >
        <p
          class="chakra-text css-1uovyuu"
        >
          123
        </p>
        <p
          class="chakra-text css-19u5taq"
        >
          MM
        </p>
      </dd>
      <dt
        class="chakra-stat__label css-0"
      >
        label
      </dt>
    </dl>
  </div>
</div>
`;

exports[`credit history stat renders correctly with small amount 1`] = `
<div>
  <div
    class="chakra-stat css-13qepjb"
  >
    <dl>
      <dd
        class="chakra-stat__number css-fvxuh5"
      >
        <p
          class="chakra-text css-1uovyuu"
        >
          123
        </p>
        <p
          class="chakra-text css-19u5taq"
        />
      </dd>
      <dt
        class="chakra-stat__label css-0"
      >
        label
      </dt>
    </dl>
  </div>
</div>
`;
